// Jest Snapshot v1, https://goo.gl/fbAQLP

exports[`Tests in <FirstApp /> should show <FirstApp /> correctly 1`] = `
<Fragment>
  <h1>
    I'm Fernando
  </h1>
  <h2>
    I'm 
    20
     years old
  </h2>
  <h3>
    I'm a subtitle
  </h3>
  <p>
    My first application
  </p>
</Fragment>
`;
